Q y

Invalid

q n

-

Invalid
